arenaLoaded src: testArena1.txt
obstacleAdded type: WALL  pos: [3; 0]
obstacleAdded type: WALL  pos: [9; 1]
obstacleAdded type: OIL  pos: [2; 2]
obstacleAdded type: OIL  pos: [14; 2]
robotAdded id: 1 "player1" pos: [1; 3]
obstacleAdded type: WALL  pos: [9; 4]
obstacleAdded type: WALL  pos: [3; 5]
obstacleAdded type: PUTTY  pos: [15; 5]
robotAdded id: 2 "player2" pos: [1; 6]
obstacleAdded type: WALL  pos: [4; 9]
arenaInited