arenaLoaded src: testArena2.txt
obstacleAdded type: OIL  pos: [2; 2]
arenaInited
cleanerRobotAdded id: 0 pos: [0; 0]
tick
cleanerRobotMoved id: 0 pos: [0; 1]
oilAged atPos: [2; 2] decay: 1
tick
cleanerRobotMoved id: 0 pos: [0; 2]
oilAged atPos: [2; 2] decay: 2
tick
cleanerRobotMoved id: 0 pos: [1; 2]
oilAged atPos: [2; 2] decay: 3
tick
cleanerRobotMoved id: 0 pos: [2; 2]
obstacleRemoved pos: [2; 2]
tick
cleanerRobotClean id: 0 pos: [2; 2]
tick
cleanerRobotClean id: 0 pos: [2; 2]
obstacleRemoved pos: [2; 2]
