arenaLoaded src: testArena3.txt
robotAdded id: 0 name: "player0" pos: [1; 0]
arenaInited
cleanerRobotAdded id: 1 pos: [1; 2]
tick
robotMoved id: 0 pos: [1; 1]
tick
robotMoved id: 0 pos: [1; 2]
cleanerRobotDied id: 1
obstacleAdded type: OIL  pos: [1; 2]
robotSlipped id: 0
oilAged: 1 pos: [1; 2]
