arenaLoaded src: testArena9.txt
robotAdded id: 1 name: „player1” pos: [0; 0]
obstacleAdded type: PUTTY pos: [1; 0]
arenaInited
tick
robotMoved id: 1 pos: [1; 0]
robotSlowedDown id: 1 speed: 0.5
tick
robotMoved id: 1 pos: [2.5; 0]